========================================
Suite run: 2026-03-19T12:16:45Z
Scripts: smoke-screenshot-pipeline
Instance: mwg:8100
Output: /Users/james/Repos/wibwob-zine-moodboard/.planning/experiments/runs/2026-03-19-mwg-smoke
========================================

--- smoke-screenshot-pipeline ---
========================================
Suite run: 2026-03-19T12:18:50Z
Scripts: smoke-screenshot-pipeline
Instance: mwg:8100
Output: /Users/james/Repos/wibwob-zine-moodboard/.planning/experiments/runs/2026-03-19-mwg-smoke
========================================

--- smoke-screenshot-pipeline ---
========================================
Suite run: 2026-03-19T12:21:01Z
Scripts: smoke-screenshot-pipeline
Instance: mwg:8100
Output: /Users/james/Repos/wibwob-zine-moodboard/.planning/experiments/runs/2026-03-19-mwg-smoke
========================================

--- smoke-screenshot-pipeline ---
========================================
Suite run: 2026-03-19T12:24:02Z
Scripts: smoke-screenshot-pipeline
Instance: mwg:8100
Output: /Users/james/Repos/wibwob-zine-moodboard/.planning/experiments/runs/2026-03-19-mwg-smoke
========================================

--- smoke-screenshot-pipeline ---
========================================
Suite run: 2026-03-19T12:27:00Z
Scripts: smoke-screenshot-pipeline
Instance: mwg:8100
Output: /Users/james/Repos/wibwob-zine-moodboard/.planning/experiments/runs/2026-03-19-mwg-smoke
========================================

--- smoke-screenshot-pipeline ---
========================================
Suite run: 2026-03-19T12:28:41Z
Scripts: smoke-screenshot-pipeline
Instance: mwg:8100
Output: /Users/james/Repos/wibwob-zine-moodboard/.planning/experiments/runs/2026-03-19-mwg-smoke
========================================

--- smoke-screenshot-pipeline ---
========================================
Suite run: 2026-03-19T12:30:38Z
Scripts: smoke-screenshot-pipeline
Instance: mwg:8100
Output: /Users/james/Repos/wibwob-zine-moodboard/.planning/experiments/runs/2026-03-19-mwg-smoke
========================================

--- smoke-screenshot-pipeline ---
========================================
Suite run: 2026-03-19T12:33:22Z
Scripts: smoke-screenshot-pipeline
Instance: mwg:8100
Output: /Users/james/Repos/wibwob-zine-moodboard/.planning/experiments/runs/2026-03-19-mwg-smoke
========================================

--- smoke-screenshot-pipeline ---
========================================
Suite run: 2026-03-19T12:35:40Z
Scripts: smoke-screenshot-pipeline
Instance: mwg:8100
Output: /Users/james/Repos/wibwob-zine-moodboard/.planning/experiments/runs/2026-03-19-mwg-smoke
========================================

--- smoke-screenshot-pipeline ---
========================================
Suite run: 2026-03-19T12:42:03Z
Scripts: smoke-screenshot-pipeline
Instance: mwg:8100
Output: /Users/james/Repos/wibwob-zine-moodboard/.planning/experiments/runs/2026-03-19-mwg-smoke
========================================

--- smoke-screenshot-pipeline ---
